// Jest Snapshot v1, https://goo.gl/fbAQLP

exports[`Home Should render snapshot 1`] = `
<RCTSafeAreaView
  style={
    {
      "backgroundColor": "#fff",
      "flex": 1,
      "minHeight": "100%",
      "minWidth": "100%",
    }
  }
>
  <View
    style={
      {
        "alignItems": "center",
        "height": "100%",
        "justifyContent": "center",
      }
    }
  >
    <Text
      style={
        {
          "fontSize": 20,
          "fontWeight": "bold",
          "marginVertical": 20,
        }
      }
    >
      Players: 
      X
      's turn to play
    </Text>
    <View>
      <View
        style={
          {
            "alignItems": "center",
            "flexDirection": "row",
            "width": "80%",
          }
        }
      >
        <View
          accessibilityRole="button"
          accessibilityState={
            {
              "busy": undefined,
              "checked": undefined,
              "disabled": undefined,
              "expanded": undefined,
              "selected": undefined,
            }
          }
          accessibilityValue={
            {
              "max": undefined,
              "min": undefined,
              "now": undefined,
              "text": undefined,
            }
          }
          accessible={true}
          collapsable={false}
          focusable={true}
          onClick={[Function]}
          onResponderGrant={[Function]}
          onResponderMove={[Function]}
          onResponderRelease={[Function]}
          onResponderTerminate={[Function]}
          onResponderTerminationRequest={[Function]}
          onStartShouldSetResponder={[Function]}
          style={
            {
              "alignItems": "center",
              "backgroundColor": "black",
              "borderRadius": 10,
              "height": 100,
              "justifyContent": "center",
              "margin": 2,
              "opacity": 1,
              "width": 100,
            }
          }
          testID="tile-00"
        >
          <Text
            style={
              {
                "color": "white",
                "fontSize": 20,
              }
            }
            testID="tile"
          />
        </View>
        <View
          accessibilityRole="button"
          accessibilityState={
            {
              "busy": undefined,
              "checked": undefined,
              "disabled": undefined,
              "expanded": undefined,
              "selected": undefined,
            }
          }
          accessibilityValue={
            {
              "max": undefined,
              "min": undefined,
              "now": undefined,
              "text": undefined,
            }
          }
          accessible={true}
          collapsable={false}
          focusable={true}
          onClick={[Function]}
          onResponderGrant={[Function]}
          onResponderMove={[Function]}
          onResponderRelease={[Function]}
          onResponderTerminate={[Function]}
          onResponderTerminationRequest={[Function]}
          onStartShouldSetResponder={[Function]}
          style={
            {
              "alignItems": "center",
              "backgroundColor": "black",
              "borderRadius": 10,
              "height": 100,
              "justifyContent": "center",
              "margin": 2,
              "opacity": 1,
              "width": 100,
            }
          }
          testID="tile-01"
        >
          <Text
            style={
              {
                "color": "white",
                "fontSize": 20,
              }
            }
            testID="tile"
          />
        </View>
        <View
          accessibilityRole="button"
          accessibilityState={
            {
              "busy": undefined,
              "checked": undefined,
              "disabled": undefined,
              "expanded": undefined,
              "selected": undefined,
            }
          }
          accessibilityValue={
            {
              "max": undefined,
              "min": undefined,
              "now": undefined,
              "text": undefined,
            }
          }
          accessible={true}
          collapsable={false}
          focusable={true}
          onClick={[Function]}
          onResponderGrant={[Function]}
          onResponderMove={[Function]}
          onResponderRelease={[Function]}
          onResponderTerminate={[Function]}
          onResponderTerminationRequest={[Function]}
          onStartShouldSetResponder={[Function]}
          style={
            {
              "alignItems": "center",
              "backgroundColor": "black",
              "borderRadius": 10,
              "height": 100,
              "justifyContent": "center",
              "margin": 2,
              "opacity": 1,
              "width": 100,
            }
          }
          testID="tile-02"
        >
          <Text
            style={
              {
                "color": "white",
                "fontSize": 20,
              }
            }
            testID="tile"
          />
        </View>
      </View>
      <View
        style={
          {
            "alignItems": "center",
            "flexDirection": "row",
            "width": "80%",
          }
        }
      >
        <View
          accessibilityRole="button"
          accessibilityState={
            {
              "busy": undefined,
              "checked": undefined,
              "disabled": undefined,
              "expanded": undefined,
              "selected": undefined,
            }
          }
          accessibilityValue={
            {
              "max": undefined,
              "min": undefined,
              "now": undefined,
              "text": undefined,
            }
          }
          accessible={true}
          collapsable={false}
          focusable={true}
          onClick={[Function]}
          onResponderGrant={[Function]}
          onResponderMove={[Function]}
          onResponderRelease={[Function]}
          onResponderTerminate={[Function]}
          onResponderTerminationRequest={[Function]}
          onStartShouldSetResponder={[Function]}
          style={
            {
              "alignItems": "center",
              "backgroundColor": "black",
              "borderRadius": 10,
              "height": 100,
              "justifyContent": "center",
              "margin": 2,
              "opacity": 1,
              "width": 100,
            }
          }
          testID="tile-10"
        >
          <Text
            style={
              {
                "color": "white",
                "fontSize": 20,
              }
            }
            testID="tile"
          />
        </View>
        <View
          accessibilityRole="button"
          accessibilityState={
            {
              "busy": undefined,
              "checked": undefined,
              "disabled": undefined,
              "expanded": undefined,
              "selected": undefined,
            }
          }
          accessibilityValue={
            {
              "max": undefined,
              "min": undefined,
              "now": undefined,
              "text": undefined,
            }
          }
          accessible={true}
          collapsable={false}
          focusable={true}
          onClick={[Function]}
          onResponderGrant={[Function]}
          onResponderMove={[Function]}
          onResponderRelease={[Function]}
          onResponderTerminate={[Function]}
          onResponderTerminationRequest={[Function]}
          onStartShouldSetResponder={[Function]}
          style={
            {
              "alignItems": "center",
              "backgroundColor": "black",
              "borderRadius": 10,
              "height": 100,
              "justifyContent": "center",
              "margin": 2,
              "opacity": 1,
              "width": 100,
            }
          }
          testID="tile-11"
        >
          <Text
            style={
              {
                "color": "white",
                "fontSize": 20,
              }
            }
            testID="tile"
          />
        </View>
        <View
          accessibilityRole="button"
          accessibilityState={
            {
              "busy": undefined,
              "checked": undefined,
              "disabled": undefined,
              "expanded": undefined,
              "selected": undefined,
            }
          }
          accessibilityValue={
            {
              "max": undefined,
              "min": undefined,
              "now": undefined,
              "text": undefined,
            }
          }
          accessible={true}
          collapsable={false}
          focusable={true}
          onClick={[Function]}
          onResponderGrant={[Function]}
          onResponderMove={[Function]}
          onResponderRelease={[Function]}
          onResponderTerminate={[Function]}
          onResponderTerminationRequest={[Function]}
          onStartShouldSetResponder={[Function]}
          style={
            {
              "alignItems": "center",
              "backgroundColor": "black",
              "borderRadius": 10,
              "height": 100,
              "justifyContent": "center",
              "margin": 2,
              "opacity": 1,
              "width": 100,
            }
          }
          testID="tile-12"
        >
          <Text
            style={
              {
                "color": "white",
                "fontSize": 20,
              }
            }
            testID="tile"
          />
        </View>
      </View>
      <View
        style={
          {
            "alignItems": "center",
            "flexDirection": "row",
            "width": "80%",
          }
        }
      >
        <View
          accessibilityRole="button"
          accessibilityState={
            {
              "busy": undefined,
              "checked": undefined,
              "disabled": undefined,
              "expanded": undefined,
              "selected": undefined,
            }
          }
          accessibilityValue={
            {
              "max": undefined,
              "min": undefined,
              "now": undefined,
              "text": undefined,
            }
          }
          accessible={true}
          collapsable={false}
          focusable={true}
          onClick={[Function]}
          onResponderGrant={[Function]}
          onResponderMove={[Function]}
          onResponderRelease={[Function]}
          onResponderTerminate={[Function]}
          onResponderTerminationRequest={[Function]}
          onStartShouldSetResponder={[Function]}
          style={
            {
              "alignItems": "center",
              "backgroundColor": "black",
              "borderRadius": 10,
              "height": 100,
              "justifyContent": "center",
              "margin": 2,
              "opacity": 1,
              "width": 100,
            }
          }
          testID="tile-20"
        >
          <Text
            style={
              {
                "color": "white",
                "fontSize": 20,
              }
            }
            testID="tile"
          />
        </View>
        <View
          accessibilityRole="button"
          accessibilityState={
            {
              "busy": undefined,
              "checked": undefined,
              "disabled": undefined,
              "expanded": undefined,
              "selected": undefined,
            }
          }
          accessibilityValue={
            {
              "max": undefined,
              "min": undefined,
              "now": undefined,
              "text": undefined,
            }
          }
          accessible={true}
          collapsable={false}
          focusable={true}
          onClick={[Function]}
          onResponderGrant={[Function]}
          onResponderMove={[Function]}
          onResponderRelease={[Function]}
          onResponderTerminate={[Function]}
          onResponderTerminationRequest={[Function]}
          onStartShouldSetResponder={[Function]}
          style={
            {
              "alignItems": "center",
              "backgroundColor": "black",
              "borderRadius": 10,
              "height": 100,
              "justifyContent": "center",
              "margin": 2,
              "opacity": 1,
              "width": 100,
            }
          }
          testID="tile-21"
        >
          <Text
            style={
              {
                "color": "white",
                "fontSize": 20,
              }
            }
            testID="tile"
          />
        </View>
        <View
          accessibilityRole="button"
          accessibilityState={
            {
              "busy": undefined,
              "checked": undefined,
              "disabled": undefined,
              "expanded": undefined,
              "selected": undefined,
            }
          }
          accessibilityValue={
            {
              "max": undefined,
              "min": undefined,
              "now": undefined,
              "text": undefined,
            }
          }
          accessible={true}
          collapsable={false}
          focusable={true}
          onClick={[Function]}
          onResponderGrant={[Function]}
          onResponderMove={[Function]}
          onResponderRelease={[Function]}
          onResponderTerminate={[Function]}
          onResponderTerminationRequest={[Function]}
          onStartShouldSetResponder={[Function]}
          style={
            {
              "alignItems": "center",
              "backgroundColor": "black",
              "borderRadius": 10,
              "height": 100,
              "justifyContent": "center",
              "margin": 2,
              "opacity": 1,
              "width": 100,
            }
          }
          testID="tile-22"
        >
          <Text
            style={
              {
                "color": "white",
                "fontSize": 20,
              }
            }
            testID="tile"
          />
        </View>
      </View>
    </View>
    <View
      accessibilityRole="button"
      accessibilityState={
        {
          "busy": undefined,
          "checked": undefined,
          "disabled": undefined,
          "expanded": undefined,
          "selected": undefined,
        }
      }
      accessibilityValue={
        {
          "max": undefined,
          "min": undefined,
          "now": undefined,
          "text": undefined,
        }
      }
      accessible={true}
      collapsable={false}
      focusable={true}
      onClick={[Function]}
      onResponderGrant={[Function]}
      onResponderMove={[Function]}
      onResponderRelease={[Function]}
      onResponderTerminate={[Function]}
      onResponderTerminationRequest={[Function]}
      onStartShouldSetResponder={[Function]}
      style={
        {
          "alignSelf": "center",
          "backgroundColor": "#8C8C8C",
          "borderRadius": 10,
          "height": 50,
          "justifyContent": "center",
          "margin": 5,
          "marginVertical": 20,
          "opacity": 1,
          "width": "80%",
        }
      }
      testID="resetGame"
    >
      <Text
        style={
          {
            "color": "#fff",
            "fontSize": 20,
            "textAlign": "center",
            "textAlignVertical": "center",
          }
        }
      >
        Reset Game
      </Text>
    </View>
  </View>
</RCTSafeAreaView>
`;
